
> hockey-game@0.0.0 build
> tsc -b && vite build

src/components/game/PremiumScoreboard.tsx(2,10): error TS1484: 'SportType' is a type and must be imported using a type-only import when 'verbatimModuleSyntax' is enabled.
